---
source: crates/parser/src/parser/item.rs
expression: p.parse_path_item_kind()?
---
Simple(
    Ident {
        symbol: Symbol(29, "var"),
        span: Span {
            start: BytePos(
                0,
            ),
            end: BytePos(
                3,
            ),
        },
    },
)
